Microchip MPLAB XC8 Compiler V2.46

Linker command line:

-W-3 \
  --edf=C:/Users/Admin/.mchp_packs/Microchip/PIC18F-Q_DFP/1.25.433/xc8\pic\dat\20240223164052_en.msgs \
  -cn \
  -h+dist/default/debug\Adaptacion_24V_Hybrid_Smart_To_Rodeo.X.debug.sym \
  --cmf=dist/default/debug\Adaptacion_24V_Hybrid_Smart_To_Rodeo.X.debug.cmf \
  -z -Q18F57Q43 \
  -oC:\Users\Admin\AppData\Local\Temp\xcAs16lc.\driver_tmp_3.o \
  --defsym=__MPLAB_BUILD=1 --fixupoverflow=error \
  -Mdist/default/debug/Adaptacion_24V_Hybrid_Smart_To_Rodeo.X.debug.map \
  --md=C:\Users\Admin\AppData\Local\Temp\xcAs16lc.\driver_tmp_0.dat -E1 \
  -ver=XC8 Compiler --acfsm=1493 -ACODE=00h-01FFFFh -ACONST=00h-01FFFFh \
  -ASMALLCONST=02500h-025FFhx475 \
  -AMEDIUMCONST=02500h-0FFFFh,012500h-01FFFFh -ACOMRAM=0501h-055Fh \
  -AABS1=0500h-024FFh -ABIGRAM=0501h-024FFh \
  -ARAM=0560h-05FFh,0600h-06FFhx31 -ABANK5=0560h-05FFh -ABANK6=0600h-06FFh \
  -ABANK7=0700h-07FFh -ABANK8=0800h-08FFh -ABANK9=0900h-09FFh \
  -ABANK10=0A00h-0AFFh -ABANK11=0B00h-0BFFh -ABANK12=0C00h-0CFFh \
  -ABANK13=0D00h-0DFFh -ABANK14=0E00h-0EFFh -ABANK15=0F00h-0FFFh \
  -ABANK16=01000h-010FFh -ABANK17=01100h-011FFh -ABANK18=01200h-012FFh \
  -ABANK19=01300h-013FFh -ABANK20=01400h-014FFh -ABANK21=01500h-015FFh \
  -ABANK22=01600h-016FFh -ABANK23=01700h-017FFh -ABANK24=01800h-018FFh \
  -ABANK25=01900h-019FFh -ABANK26=01A00h-01AFFh -ABANK27=01B00h-01BFFh \
  -ABANK28=01C00h-01CFFh -ABANK29=01D00h-01DFFh -ABANK30=01E00h-01EFFh \
  -ABANK31=01F00h-01FFFh -ABANK32=02000h-020FFh -ABANK33=02100h-021FFh \
  -ABANK34=02200h-022FFh -ABANK35=02300h-023FFh -ABANK36=02400h-024FFh \
  -ASFR=00h-0FFhx4,0400h-045Fh,0460h-04FFh,02500h-025FFh \
  -ABIGSFR=00h-04FFh,02500h-025FFh -ACONFIG=0300000h-0300011h \
  -AIDLOC=0200000h-020003Fh -AEEDATA=0380000h-03803FFh -peeprom_data=EEDATA \
  -preset_vec=00h -ppowerup=CODE,init -pramtop=02500h \
  -psmallconst=SMALLCONST -pmediumconst=MEDIUMCONST -pconst=CONST \
  -AFARRAM=00h-00h \
  -prdata=COMRAM,nvrram=COMRAM,nvbit=COMRAM,rbss=COMRAM,rbit=COMRAM \
  -pfarbss=FARRAM,fardata=FARRAM,nvFARRAM=FARRAM \
  -pintsave_regs=BIGRAM,bigbss=BIGRAM,bigdata=BIGRAM -pbss=RAM \
  -pidata=CODE,irdata=CODE,ibigdata=CODE,ifardata=CODE -prparam=COMRAM \
  C:\Users\Admin\AppData\Local\Temp\xcAs16lc.\driver_tmp_9.o \
  dist/default/debug\Adaptacion_24V_Hybrid_Smart_To_Rodeo.X.debug.o 

Object code version is 3.11

Machine type is 18F57Q43



                Name                               Link     Load   Length Selector   Space Scale
C:\Users\Admin\AppData\Local\Temp\xcAs16lc.\driver_tmp_9.o
                config                           300000   300000        A        0       4
                init                              1FFFC    1FFFC        4     FFFE       0
                reset_vec                             0        0        6        0       0
dist/default/debug\Adaptacion_24V_Hybrid_Smart_To_Rodeo.X.debug.o
                config                           300000   300000        A        0       4
                smallconst                         2500     2500        2     1280       0
                text35                             41E4     41E4       30     1281       0
                text34                             437A     437A        A     1281       0
                text33                             419C     419C       48     1281       0
                text32                             4286     4286       1E     1281       0
                text31                             4154     4154       48     1281       0
                text30                             4370     4370        A     1281       0
                text29                             410C     410C       48     1281       0
                text28                             3FB0     3FB0       66     1281       0
                text27                             2502     2502      4C0     1281       0
                text26                             3280     3280      39A     1281       0
                text25                             3D8E     3D8E      104     1281       0
                text24                             2E56     2E56      42A     1281       0
                text23                             3974     3974      1B4     1281       0
                text22                             3B28     3B28      160     1281       0
                text21                             42F6     42F6       1A     1281       0
                text20                             4310     4310       16     1281       0
                text19                             40C4     40C4       48     1281       0
                text18                             4264     4264       22     1281       0
                text17                             4326     4326       14     1281       0
                text16                             4364     4364        C     1281       0
                text15                             438A     438A        6     1281       0
                text14                             4384     4384        6     1281       0
                text13                             4072     4072       52     1281       0
                text12                             3C88     3C88      106     1281       0
                text11                             361A     361A      35A     1281       0
                text10                             4016     4016       5C     1281       0
                text9                              42C0     42C0       1C     1281       0
                text8                              3E92     3E92       A6     1281       0
                text7                              4240     4240       24     1281       0
                text6                              4356     4356        E     1281       0
                text5                              4348     4348        E     1281       0
                text4                              433A     433A        E     1281       0
                text3                              3F38     3F38       78     1281       0
                text2                              4214     4214       2C     1281       0
                text1                              42DC     42DC       1A     1281       0
                text0                              29C2     29C2      494     1281       0
                cstackCOMRAM                        501      501       33      501       1
                bssBANK5                            569      569        4      560       1
                bssCOMRAM                           534      534       2C      501       1
                cinit                              42A4     42A4       1C     1281       0
                nvBANK5                             560      560        9      560       1

TOTAL           Name                               Link     Load   Length     Space
        CLASS   CODE           
                init                              1FFFC    1FFFC        4         0
                reset_vec                             0        0        6         0
                text35                             41E4     41E4       30         0
                text34                             437A     437A        A         0
                text33                             419C     419C       48         0
                text32                             4286     4286       1E         0
                text31                             4154     4154       48         0
                text30                             4370     4370        A         0
                text29                             410C     410C       48         0
                text28                             3FB0     3FB0       66         0
                text27                             2502     2502      4C0         0
                text26                             3280     3280      39A         0
                text25                             3D8E     3D8E      104         0
                text24                             2E56     2E56      42A         0
                text23                             3974     3974      1B4         0
                text22                             3B28     3B28      160         0
                text21                             42F6     42F6       1A         0
                text20                             4310     4310       16         0
                text19                             40C4     40C4       48         0
                text18                             4264     4264       22         0
                text17                             4326     4326       14         0
                text16                             4364     4364        C         0
                text15                             438A     438A        6         0
                text14                             4384     4384        6         0
                text13                             4072     4072       52         0
                text12                             3C88     3C88      106         0
                text11                             361A     361A      35A         0
                text10                             4016     4016       5C         0
                text9                              42C0     42C0       1C         0
                text8                              3E92     3E92       A6         0
                text7                              4240     4240       24         0
                text6                              4356     4356        E         0
                text5                              4348     4348        E         0
                text4                              433A     433A        E         0
                text3                              3F38     3F38       78         0
                text2                              4214     4214       2C         0
                text1                              42DC     42DC       1A         0
                text0                              29C2     29C2      494         0
                cinit                              42A4     42A4       1C         0

        CLASS   CONST          

        CLASS   SMALLCONST     
                smallconst                         2500     2500        2         0

        CLASS   MEDIUMCONST    

        CLASS   COMRAM         
                cstackCOMRAM                        501      501       33         1
                bssCOMRAM                           534      534       2C         1

        CLASS   ABS1           

        CLASS   BIGRAM         

        CLASS   RAM            

        CLASS   BANK5          
                bssBANK5                            569      569        4         1
                nvBANK5                             560      560        9         1

        CLASS   BANK6          

        CLASS   BANK7          

        CLASS   BANK8          

        CLASS   BANK9          

        CLASS   BANK10         

        CLASS   BANK11         

        CLASS   BANK12         

        CLASS   BANK13         

        CLASS   BANK14         

        CLASS   BANK15         

        CLASS   BANK16         

        CLASS   BANK17         

        CLASS   BANK18         

        CLASS   BANK19         

        CLASS   BANK20         

        CLASS   BANK21         

        CLASS   BANK22         

        CLASS   BANK23         

        CLASS   BANK24         

        CLASS   BANK25         

        CLASS   BANK26         

        CLASS   BANK27         

        CLASS   BANK28         

        CLASS   BANK29         

        CLASS   BANK30         

        CLASS   BANK31         

        CLASS   BANK32         

        CLASS   BANK33         

        CLASS   BANK34         

        CLASS   BANK35         

        CLASS   BANK36         

        CLASS   SFR            

        CLASS   BIGSFR         

        CLASS   CONFIG         
                config                           300000   300000        A         4

        CLASS   IDLOC          

        CLASS   EEDATA         

        CLASS   FARRAM         

        CLASS   HEAP           

        CLASS   STACK          



SEGMENTS        Name                           Load    Length   Top    Selector   Space  Class

                reset_vec                      000000  000006  000006         0       0  CODE    
                cstackCOMRAM                   000501  00005F  000560       501       1  COMRAM  
                nvBANK5                        000560  00000D  00056D       560       1  BANK5   
                smallconst                     002500  000002  002502      1280       0  SMALLCON
                text27                         002502  001E8E  004390      1281       0  CODE    
                init                           01FFFC  000004  020000      FFFE       0  CODE    


UNUSED ADDRESS RANGES

        Name                Unused          Largest block    Delta
        BANK10           000A00-000AFF              100
        BANK11           000B00-000BFF              100
        BANK12           000C00-000CFF              100
        BANK13           000D00-000DFF              100
        BANK14           000E00-000EFF              100
        BANK15           000F00-000FFF              100
        BANK16           001000-0010FF              100
        BANK17           001100-0011FF              100
        BANK18           001200-0012FF              100
        BANK19           001300-0013FF              100
        BANK20           001400-0014FF              100
        BANK21           001500-0015FF              100
        BANK22           001600-0016FF              100
        BANK23           001700-0017FF              100
        BANK24           001800-0018FF              100
        BANK25           001900-0019FF              100
        BANK26           001A00-001AFF              100
        BANK27           001B00-001BFF              100
        BANK28           001C00-001CFF              100
        BANK29           001D00-001DFF              100
        BANK30           001E00-001EFF              100
        BANK31           001F00-001FFF              100
        BANK32           002000-0020FF              100
        BANK33           002100-0021FF              100
        BANK34           002200-0022FF              100
        BANK35           002300-0023FF              100
        BANK36           002400-0024FF              100
        BANK5            00056D-0005FF               93
        BANK6            000600-0006FF              100
        BANK7            000700-0007FF              100
        BANK8            000800-0008FF              100
        BANK9            000900-0009FF              100
        BIGRAM           00056D-0024FF             1F93
        BIGSFR           000000-0004FF              500
                         002500-0025FF              100
        CODE             000006-0024FF             24FA
                         004390-01FFFB            1BC6C
        CONFIG           30000A-300011                8
        CONST            000006-0024FF             24FA
                         004390-01FFFB            1BC6C
        EEDATA           380000-3803FF              400
        IDLOC            200000-20003F               40
        MEDIUMCONST      004390-00FFFF             BC70
                         012500-01FFFB             DAFC
        RAM              00056D-0024FF              100
        SFR              000000-0004FF              100
                         002500-0025FF              100
        SMALLCONST       004390-01FFFB              100

                                  Symbol Table

?_ADCC_GetSingleConversion                                    cstackCOMRAM 000501
?___fladd                                                     cstackCOMRAM 000501
?___fldiv                                                     cstackCOMRAM 000511
?___flmul                                                     cstackCOMRAM 00050F
?___fltol                                                     cstackCOMRAM 000528
?___xxtofl                                                    cstackCOMRAM 000501
ADCC_GetSingleConversion@channel                              cstackCOMRAM 000505
PWM1_16BIT_Period_SetInterruptHandler@InterruptHandler        cstackCOMRAM 000501
PWM1_16BIT_SetSlice1Output1DutyCycleRegister@registerValue    cstackCOMRAM 000501
PWM1_16BIT_SetSlice1Output2DutyCycleRegister@registerValue    cstackCOMRAM 000501
PWM1_16BIT_Slice1Output1_SetInterruptHandler@InterruptHandler cstackCOMRAM 000501
PWM1_16BIT_Slice1Output2_SetInterruptHandler@InterruptHandler cstackCOMRAM 000501
_ACS712_Result                                                bssCOMRAM    000534
_ACS712_Value                                                 bssCOMRAM    00053C
_ACTCON                                                       (abs)        0000AC
_ADACCH                                                       (abs)        0003E4
_ADACCL                                                       (abs)        0003E3
_ADACCU                                                       (abs)        0003E5
_ADACQH                                                       (abs)        0003EF
_ADACQL                                                       (abs)        0003EE
_ADACT                                                        (abs)        0003F9
_ADCAP                                                        (abs)        0003F0
_ADCC_GetSingleConversion                                     text35       0041E4
_ADCC_Initialize                                              text10       004016
_ADCLK                                                        (abs)        0003FA
_ADCNT                                                        (abs)        0003E6
_ADCON0                                                       (abs)        0003F3
_ADCON0bits                                                   (abs)        0003F3
_ADCON1                                                       (abs)        0003F4
_ADCON1bits                                                   (abs)        0003F4
_ADCON2                                                       (abs)        0003F5
_ADCON2bits                                                   (abs)        0003F5
_ADCON3                                                       (abs)        0003F6
_ADCON3bits                                                   (abs)        0003F6
_ADERRH                                                       (abs)        0003DE
_ADERRL                                                       (abs)        0003DD
_ADFLTRH                                                      (abs)        0003E2
_ADFLTRL                                                      (abs)        0003E1
_ADLTHH                                                       (abs)        0003DA
_ADLTHL                                                       (abs)        0003D9
_ADPCH                                                        (abs)        0003EC
_ADPREH                                                       (abs)        0003F2
_ADPREL                                                       (abs)        0003F1
_ADPREVH                                                      (abs)        0003E9
_ADPREVL                                                      (abs)        0003E8
_ADREF                                                        (abs)        0003F8
_ADRESH                                                       (abs)        0003EB
_ADRESL                                                       (abs)        0003EA
_ADRPT                                                        (abs)        0003E7
_ADSTAT                                                       (abs)        0003F7
_ADSTATbits                                                   (abs)        0003F7
_ADSTPTH                                                      (abs)        0003E0
_ADSTPTL                                                      (abs)        0003DF
_ADUTHH                                                       (abs)        0003DC
_ADUTHL                                                       (abs)        0003DB
_AMP_POT_Result                                               bssCOMRAM    000538
_AMP_POT_Value                                                bssCOMRAM    00053E
_ANSELA                                                       (abs)        000400
_ANSELB                                                       (abs)        000408
_ANSELC                                                       (abs)        000410
_ANSELD                                                       (abs)        000418
_ANSELE                                                       (abs)        000420
_ANSELF                                                       (abs)        000428
_Amperimetro                                                  text22       003B28
_ApagarApertura                                               text32       004286
_ApagarCierre                                                 text21       0042F6
_Apertura                                                     text20       004310
_B                                                            bssCOMRAM    00055D
_CambioGiroCierre                                             text28       003FB0
_Cierre                                                       text18       004264
_CierreAutomatico                                             text13       004072
_EB                                                           bssCOMRAM    00055E
_EPWM_FCA                                                     bssCOMRAM    000559
_EPWM_FCC                                                     bssCOMRAM    000558
_INLVLA                                                       (abs)        000404
_INLVLB                                                       (abs)        00040C
_INLVLC                                                       (abs)        000414
_INLVLD                                                       (abs)        00041C
_INLVLE                                                       (abs)        000424
_INLVLF                                                       (abs)        00042C
_LATA                                                         (abs)        0004BE
_LATB                                                         (abs)        0004BF
_LATC                                                         (abs)        0004C0
_LATD                                                         (abs)        0004C1
_LATE                                                         (abs)        0004C2
_LATF                                                         (abs)        0004C3
_ODCONA                                                       (abs)        000402
_ODCONB                                                       (abs)        00040A
_ODCONC                                                       (abs)        000412
_ODCOND                                                       (abs)        00041A
_ODCONE                                                       (abs)        000422
_ODCONF                                                       (abs)        00042A
_OSCCON1                                                      (abs)        0000AD
_OSCCON3                                                      (abs)        0000AF
_OSCEN                                                        (abs)        0000B3
_OSCFRQ                                                       (abs)        0000B1
_OSCILLATOR_Initialize                                        text9        0042C0
_OSCTUNE                                                      (abs)        0000B0
_PIE4bits                                                     (abs)        0004A2
_PIN_MANAGER_Initialize                                       text8        003E92
_PIR11bits                                                    (abs)        0004B9
_PIR15bits                                                    (abs)        0004BD
_PIR3bits                                                     (abs)        0004B1
_PIR4bits                                                     (abs)        0004B2
_PIR5bits                                                     (abs)        0004B3
_PIR8bits                                                     (abs)        0004B6
_PMD0                                                         (abs)        000060
_PMD1                                                         (abs)        000061
_PMD3                                                         (abs)        000063
_PMD4                                                         (abs)        000064
_PMD5                                                         (abs)        000065
_PMD6                                                         (abs)        000066
_PMD7                                                         (abs)        000067
_PMD8                                                         (abs)        000068
_PMD_Initialize                                               text7        004240
_PORTAbits                                                    (abs)        0004CE
_PORTEbits                                                    (abs)        0004D2
_PR2                                                          (abs)        000323
_PR4                                                          (abs)        00032F
_PR6                                                          (abs)        00033B
_PWM                                                          text11       00361A
_PWM1CLK                                                      (abs)        000461
_PWM1CON                                                      (abs)        000469
_PWM1CONbits                                                  (abs)        000469
_PWM1CPRE                                                     (abs)        000465
_PWM1ERS                                                      (abs)        000460
_PWM1GIE                                                      (abs)        000468
_PWM1GIEbits                                                  (abs)        000468
_PWM1GIR                                                      (abs)        000467
_PWM1GIRbits                                                  (abs)        000467
_PWM1LDS                                                      (abs)        000462
_PWM1PIPOS                                                    (abs)        000466
_PWM1PRH                                                      (abs)        000464
_PWM1PRL                                                      (abs)        000463
_PWM1S1CFG                                                    (abs)        00046A
_PWM1S1P1                                                     (abs)        00046B
_PWM1S1P1H                                                    (abs)        00046C
_PWM1S1P1L                                                    (abs)        00046B
_PWM1S1P2                                                     (abs)        00046D
_PWM1S1P2H                                                    (abs)        00046E
_PWM1S1P2L                                                    (abs)        00046D
_PWM1_16BIT_Initialize                                        text3        003F38
_PWM1_16BIT_Period_DefaultInterruptHandler                    (abs)        000000
_PWM1_16BIT_Period_InterruptHandler                           nvBANK5      000560
_PWM1_16BIT_Period_SetInterruptHandler                        text6        004356
_PWM1_16BIT_SetSlice1Output1DutyCycleRegister                 text34       00437A
_PWM1_16BIT_SetSlice1Output2DutyCycleRegister                 text30       004370
_PWM1_16BIT_Slice1Output1_DefaultInterruptHandler             (abs)        000000
_PWM1_16BIT_Slice1Output1_InterruptHandler                    nvBANK5      000566
_PWM1_16BIT_Slice1Output1_SetInterruptHandler                 text5        004348
_PWM1_16BIT_Slice1Output2_DefaultInterruptHandler             (abs)        000000
_PWM1_16BIT_Slice1Output2_InterruptHandler                    nvBANK5      000563
_PWM1_16BIT_Slice1Output2_SetInterruptHandler                 text4        00433A
_PWM_POT_AP_Result                                            bssCOMRAM    000546
_PWM_POT_AP_Value                                             bssCOMRAM    000548
_PWM_POT_CL_Result                                            bssCOMRAM    000542
_PWM_POT_CL_Value                                             bssCOMRAM    000544
_PWM_POT_Result                                               bssCOMRAM    00054A
_PWM_POT_Value                                                bssCOMRAM    00054C
_RB1I2C                                                       (abs)        000289
_RB2I2C                                                       (abs)        000288
_RC3I2C                                                       (abs)        000287
_RC4I2C                                                       (abs)        000286
_RC5PPS                                                       (abs)        000216
_RC6PPS                                                       (abs)        000217
_SLRCONA                                                      (abs)        000403
_SLRCONB                                                      (abs)        00040B
_SLRCONC                                                      (abs)        000413
_SLRCOND                                                      (abs)        00041B
_SLRCONE                                                      (abs)        000423
_SLRCONF                                                      (abs)        00042B
_SYSTEM_Initialize                                            text1        0042DC
_T0CON0                                                       (abs)        00031A
_T0CON0bits                                                   (abs)        00031A
_T0CON1                                                       (abs)        00031B
_T1CLK                                                        (abs)        000321
_T1CON                                                        (abs)        00031E
_T1CONbits                                                    (abs)        00031E
_T1GATE                                                       (abs)        000320
_T1GCON                                                       (abs)        00031F
_T1GCONbits                                                   (abs)        00031F
_T2CLKCON                                                     (abs)        000326
_T2CON                                                        (abs)        000324
_T2CONbits                                                    (abs)        000324
_T2HLT                                                        (abs)        000325
_T2HLTbits                                                    (abs)        000325
_T2PR                                                         (abs)        000323
_T2RST                                                        (abs)        000327
_T2RSTbits                                                    (abs)        000327
_T2TMR                                                        (abs)        000322
_T3CLK                                                        (abs)        00032D
_T3CON                                                        (abs)        00032A
_T3CONbits                                                    (abs)        00032A
_T3GATE                                                       (abs)        00032C
_T3GCON                                                       (abs)        00032B
_T3GCONbits                                                   (abs)        00032B
_T4CLKCON                                                     (abs)        000332
_T4CON                                                        (abs)        000330
_T4CONbits                                                    (abs)        000330
_T4HLT                                                        (abs)        000331
_T4HLTbits                                                    (abs)        000331
_T4PR                                                         (abs)        00032F
_T4RST                                                        (abs)        000333
_T4RSTbits                                                    (abs)        000333
_T4TMR                                                        (abs)        00032E
_T5CLK                                                        (abs)        000339
_T5CON                                                        (abs)        000336
_T5CONbits                                                    (abs)        000336
_T5GATE                                                       (abs)        000338
_T5GCON                                                       (abs)        000337
_T5GCONbits                                                   (abs)        000337
_T6CLKCON                                                     (abs)        00033E
_T6CON                                                        (abs)        00033C
_T6CONbits                                                    (abs)        00033C
_T6HLT                                                        (abs)        00033D
_T6HLTbits                                                    (abs)        00033D
_T6PR                                                         (abs)        00033B
_T6RST                                                        (abs)        00033F
_T6RSTbits                                                    (abs)        00033F
_T6TMR                                                        (abs)        00033A
_TCA_Enable                                                   bssCOMRAM    00055C
_TCA_Timer                                                    bssCOMRAM    00054E
_TL_POT_Result                                                bssBANK5     000569
_TL_POT_Value                                                 bssCOMRAM    000540
_TMR0H                                                        (abs)        000319
_TMR0IF                                                       (abs)        00258F
_TMR0L                                                        (abs)        000318
_TMR0_HasOverflowOccured                                      text17       004326
_TMR0_Initialize                                              text2        004214
_TMR0_Reload                                                  text16       004364
_TMR0_StartTimer                                              text15       00438A
_TMR0_StopTimer                                               text14       004384
_TMR1H                                                        (abs)        00031D
_TMR1L                                                        (abs)        00031C
_TMR2                                                         (abs)        000322
_TMR3H                                                        (abs)        000329
_TMR3L                                                        (abs)        000328
_TMR4                                                         (abs)        00032E
_TMR5H                                                        (abs)        000335
_TMR5L                                                        (abs)        000334
_TMR6                                                         (abs)        00033A
_TRISA                                                        (abs)        0004C6
_TRISB                                                        (abs)        0004C7
_TRISC                                                        (abs)        0004C8
_TRISD                                                        (abs)        0004C9
_TRISE                                                        (abs)        0004CA
_TRISF                                                        (abs)        0004CB
_WPUA                                                         (abs)        000401
_WPUB                                                         (abs)        000409
_WPUC                                                         (abs)        000411
_WPUD                                                         (abs)        000419
_WPUE                                                         (abs)        000421
_WPUF                                                         (abs)        000429
__HRAM                                                        (abs)        000000
__H__absolute__                                               __absolute__ 000000
__Habs1                                                       abs1         000000
__Hbank10                                                     bank10       000000
__Hbank11                                                     bank11       000000
__Hbank12                                                     bank12       000000
__Hbank13                                                     bank13       000000
__Hbank14                                                     bank14       000000
__Hbank15                                                     bank15       000000
__Hbank16                                                     bank16       000000
__Hbank17                                                     bank17       000000
__Hbank18                                                     bank18       000000
__Hbank19                                                     bank19       000000
__Hbank20                                                     bank20       000000
__Hbank21                                                     bank21       000000
__Hbank22                                                     bank22       000000
__Hbank23                                                     bank23       000000
__Hbank24                                                     bank24       000000
__Hbank25                                                     bank25       000000
__Hbank26                                                     bank26       000000
__Hbank27                                                     bank27       000000
__Hbank28                                                     bank28       000000
__Hbank29                                                     bank29       000000
__Hbank30                                                     bank30       000000
__Hbank31                                                     bank31       000000
__Hbank32                                                     bank32       000000
__Hbank33                                                     bank33       000000
__Hbank34                                                     bank34       000000
__Hbank35                                                     bank35       000000
__Hbank36                                                     bank36       000000
__Hbank5                                                      bank5        000000
__Hbank6                                                      bank6        000000
__Hbank7                                                      bank7        000000
__Hbank8                                                      bank8        000000
__Hbank9                                                      bank9        000000
__Hbigbss                                                     bigbss       000000
__Hbigdata                                                    bigdata      000000
__Hbigram                                                     bigram       000000
__Hbigsfr                                                     bigsfr       000000
__Hbss                                                        bss          000000
__HbssBANK5                                                   bssBANK5     000000
__HbssCOMRAM                                                  bssCOMRAM    000000
__Hcinit                                                      cinit        000000
__Hclrtext                                                    clrtext      000000
__Hcomram                                                     comram       000000
__Hconfig                                                     config       30000A
__Hconst                                                      const        000000
__HcstackCOMRAM                                               cstackCOMRAM 000000
__Hdata                                                       data         000000
__Heeprom_data                                                eeprom_data  000000
__Hfarbss                                                     farbss       000000
__Hfardata                                                    fardata      000000
__Hheap                                                       heap         000000
__Hibigdata                                                   ibigdata     000000
__Hidata                                                      idata        000000
__Hidloc                                                      idloc        000000
__Hifardata                                                   ifardata     000000
__Hinit                                                       init         020000
__Hintsave_regs                                               intsave_regs 000000
__Hirdata                                                     irdata       000000
__Hmediumconst                                                mediumconst  000000
__HnvBANK5                                                    nvBANK5      000000
__HnvFARRAM                                                   nvFARRAM     000000
__Hnvbit                                                      nvbit        000000
__Hnvrram                                                     nvrram       000000
__Hparam                                                      rparam       000000
__Hpowerup                                                    powerup      000000
__Hram                                                        ram          000000
__Hramtop                                                     ramtop       002500
__Hrbit                                                       rbit         000000
__Hrbss                                                       rbss         000000
__Hrdata                                                      rdata        000000
__Hreset_vec                                                  reset_vec    000006
__Hrparam                                                     rparam       000000
__Hsfr                                                        sfr          000000
__Hsmallconst                                                 smallconst   002502
__Hspace_0                                                    (abs)        020000
__Hspace_1                                                    (abs)        00056D
__Hspace_2                                                    (abs)        000000
__Hspace_4                                                    (abs)        60000A
__Hstack                                                      stack        000000
__Hstruct                                                     struct       000000
__Htemp                                                       temp         000000
__Htext                                                       text         000000
__Htext0                                                      text0        000000
__Htext1                                                      text1        000000
__Htext10                                                     text10       000000
__Htext11                                                     text11       000000
__Htext12                                                     text12       000000
__Htext13                                                     text13       000000
__Htext14                                                     text14       000000
__Htext15                                                     text15       000000
__Htext16                                                     text16       000000
__Htext17                                                     text17       000000
__Htext18                                                     text18       000000
__Htext19                                                     text19       000000
__Htext2                                                      text2        000000
__Htext20                                                     text20       000000
__Htext21                                                     text21       000000
__Htext22                                                     text22       000000
__Htext23                                                     text23       000000
__Htext24                                                     text24       000000
__Htext25                                                     text25       000000
__Htext26                                                     text26       000000
__Htext27                                                     text27       000000
__Htext28                                                     text28       000000
__Htext29                                                     text29       000000
__Htext3                                                      text3        000000
__Htext30                                                     text30       000000
__Htext31                                                     text31       000000
__Htext32                                                     text32       000000
__Htext33                                                     text33       000000
__Htext34                                                     text34       000000
__Htext35                                                     text35       000000
__Htext4                                                      text4        000000
__Htext5                                                      text5        000000
__Htext6                                                      text6        000000
__Htext7                                                      text7        000000
__Htext8                                                      text8        000000
__Htext9                                                      text9        000000
__LRAM                                                        (abs)        000001
__L__absolute__                                               __absolute__ 000000
__Labs1                                                       abs1         000000
__Lbank10                                                     bank10       000000
__Lbank11                                                     bank11       000000
__Lbank12                                                     bank12       000000
__Lbank13                                                     bank13       000000
__Lbank14                                                     bank14       000000
__Lbank15                                                     bank15       000000
__Lbank16                                                     bank16       000000
__Lbank17                                                     bank17       000000
__Lbank18                                                     bank18       000000
__Lbank19                                                     bank19       000000
__Lbank20                                                     bank20       000000
__Lbank21                                                     bank21       000000
__Lbank22                                                     bank22       000000
__Lbank23                                                     bank23       000000
__Lbank24                                                     bank24       000000
__Lbank25                                                     bank25       000000
__Lbank26                                                     bank26       000000
__Lbank27                                                     bank27       000000
__Lbank28                                                     bank28       000000
__Lbank29                                                     bank29       000000
__Lbank30                                                     bank30       000000
__Lbank31                                                     bank31       000000
__Lbank32                                                     bank32       000000
__Lbank33                                                     bank33       000000
__Lbank34                                                     bank34       000000
__Lbank35                                                     bank35       000000
__Lbank36                                                     bank36       000000
__Lbank5                                                      bank5        000000
__Lbank6                                                      bank6        000000
__Lbank7                                                      bank7        000000
__Lbank8                                                      bank8        000000
__Lbank9                                                      bank9        000000
__Lbigbss                                                     bigbss       000000
__Lbigdata                                                    bigdata      000000
__Lbigram                                                     bigram       000000
__Lbigsfr                                                     bigsfr       000000
__Lbss                                                        bss          000000
__LbssBANK5                                                   bssBANK5     000000
__LbssCOMRAM                                                  bssCOMRAM    000000
__Lcinit                                                      cinit        000000
__Lclrtext                                                    clrtext      000000
__Lcomram                                                     comram       000000
__Lconfig                                                     config       000000
__Lconst                                                      const        000000
__LcstackCOMRAM                                               cstackCOMRAM 000000
__Ldata                                                       data         000000
__Leeprom_data                                                eeprom_data  000000
__Lfarbss                                                     farbss       000000
__Lfardata                                                    fardata      000000
__Lheap                                                       heap         000000
__Libigdata                                                   ibigdata     000000
__Lidata                                                      idata        000000
__Lidloc                                                      idloc        000000
__Lifardata                                                   ifardata     000000
__Linit                                                       init         01FFFC
__Lintsave_regs                                               intsave_regs 000000
__Lirdata                                                     irdata       000000
__Lmediumconst                                                mediumconst  000000
__LnvBANK5                                                    nvBANK5      000000
__LnvFARRAM                                                   nvFARRAM     000000
__Lnvbit                                                      nvbit        000000
__Lnvrram                                                     nvrram       000000
__Lparam                                                      rparam       000000
__Lpowerup                                                    powerup      000000
__Lram                                                        ram          000000
__Lramtop                                                     ramtop       002500
__Lrbit                                                       rbit         000000
__Lrbss                                                       rbss         000000
__Lrdata                                                      rdata        000000
__Lreset_vec                                                  reset_vec    000000
__Lrparam                                                     rparam       000000
__Lsfr                                                        sfr          000000
__Lsmallconst                                                 smallconst   002500
__Lspace_0                                                    (abs)        000000
__Lspace_1                                                    (abs)        000000
__Lspace_2                                                    (abs)        000000
__Lspace_4                                                    (abs)        000000
__Lstack                                                      stack        000000
__Lstruct                                                     struct       000000
__Ltemp                                                       temp         000000
__Ltext                                                       text         000000
__Ltext0                                                      text0        000000
__Ltext1                                                      text1        000000
__Ltext10                                                     text10       000000
__Ltext11                                                     text11       000000
__Ltext12                                                     text12       000000
__Ltext13                                                     text13       000000
__Ltext14                                                     text14       000000
__Ltext15                                                     text15       000000
__Ltext16                                                     text16       000000
__Ltext17                                                     text17       000000
__Ltext18                                                     text18       000000
__Ltext19                                                     text19       000000
__Ltext2                                                      text2        000000
__Ltext20                                                     text20       000000
__Ltext21                                                     text21       000000
__Ltext22                                                     text22       000000
__Ltext23                                                     text23       000000
__Ltext24                                                     text24       000000
__Ltext25                                                     text25       000000
__Ltext26                                                     text26       000000
__Ltext27                                                     text27       000000
__Ltext28                                                     text28       000000
__Ltext29                                                     text29       000000
__Ltext3                                                      text3        000000
__Ltext30                                                     text30       000000
__Ltext31                                                     text31       000000
__Ltext32                                                     text32       000000
__Ltext33                                                     text33       000000
__Ltext34                                                     text34       000000
__Ltext35                                                     text35       000000
__Ltext4                                                      text4        000000
__Ltext5                                                      text5        000000
__Ltext6                                                      text6        000000
__Ltext7                                                      text7        000000
__Ltext8                                                      text8        000000
__Ltext9                                                      text9        000000
__S0                                                          (abs)        020000
__S1                                                          (abs)        00056D
__S4                                                          (abs)        000000
__S5                                                          (abs)        000000
___fladd                                                      text27       002502
___fladd@a                                                    cstackCOMRAM 000505
___fladd@aexp                                                 cstackCOMRAM 00050E
___fladd@b                                                    cstackCOMRAM 000501
___fladd@bexp                                                 cstackCOMRAM 00050F
___fladd@grs                                                  cstackCOMRAM 000510
___fladd@signs                                                cstackCOMRAM 00050D
___fldiv                                                      text26       003280
___fldiv@a                                                    cstackCOMRAM 000515
___fldiv@aexp                                                 cstackCOMRAM 000529
___fldiv@b                                                    cstackCOMRAM 000511
___fldiv@bexp                                                 cstackCOMRAM 000528
___fldiv@grs                                                  cstackCOMRAM 000524
___fldiv@new_exp                                              cstackCOMRAM 000522
___fldiv@rem                                                  cstackCOMRAM 00051D
___fldiv@sign                                                 cstackCOMRAM 000521
___flge                                                       text25       003D8E
___flge@ff1                                                   cstackCOMRAM 000501
___flge@ff2                                                   cstackCOMRAM 000505
___flmul                                                      text24       002E56
___flmul@a                                                    cstackCOMRAM 000513
___flmul@aexp                                                 cstackCOMRAM 000520
___flmul@b                                                    cstackCOMRAM 00050F
___flmul@bexp                                                 cstackCOMRAM 000521
___flmul@grs                                                  cstackCOMRAM 00051C
___flmul@prod                                                 cstackCOMRAM 000522
___flmul@sign                                                 cstackCOMRAM 00051B
___flmul@temp                                                 cstackCOMRAM 000526
___fltol                                                      text12       003C88
___fltol@exp1                                                 cstackCOMRAM 000531
___fltol@f1                                                   cstackCOMRAM 000528
___fltol@sign1                                                cstackCOMRAM 000530
___heap_hi                                                    (abs)        000000
___heap_lo                                                    (abs)        000000
___inthi_sp                                                   stack        000000
___inthi_stack_hi                                             stack        000000
___inthi_stack_lo                                             stack        000000
___intlo_sp                                                   stack        000000
___intlo_stack_hi                                             stack        000000
___intlo_stack_lo                                             stack        000000
___param_bank                                                 (abs)        000000
___rparam_used                                                (abs)        000001
___sp                                                         stack        000000
___stack_hi                                                   stack        000000
___stack_lo                                                   stack        000000
___xxtofl                                                     text23       003974
___xxtofl@arg                                                 cstackCOMRAM 00050B
___xxtofl@exp                                                 cstackCOMRAM 00050A
___xxtofl@sign                                                cstackCOMRAM 000509
___xxtofl@val                                                 cstackCOMRAM 000501
__accesstop                                                   (abs)        000560
__activetblptr                                                (abs)        000003
__end_of_ADCC_GetSingleConversion                             text35       004214
__end_of_ADCC_Initialize                                      text10       004072
__end_of_Amperimetro                                          text22       003C88
__end_of_ApagarApertura                                       text32       0042A4
__end_of_ApagarCierre                                         text21       004310
__end_of_Apertura                                             text20       004326
__end_of_CambioGiroCierre                                     text28       004016
__end_of_Cierre                                               text18       004286
__end_of_CierreAutomatico                                     text13       0040C4
__end_of_OSCILLATOR_Initialize                                text9        0042DC
__end_of_PIN_MANAGER_Initialize                               text8        003F38
__end_of_PMD_Initialize                                       text7        004264
__end_of_PWM                                                  text11       003974
__end_of_PWM1_16BIT_Initialize                                text3        003FB0
__end_of_PWM1_16BIT_Period_SetInterruptHandler                text6        004364
__end_of_PWM1_16BIT_SetSlice1Output1DutyCycleRegister         text34       004384
__end_of_PWM1_16BIT_SetSlice1Output2DutyCycleRegister         text30       00437A
__end_of_PWM1_16BIT_Slice1Output1_SetInterruptHandler         text5        004356
__end_of_PWM1_16BIT_Slice1Output2_SetInterruptHandler         text4        004348
__end_of_SYSTEM_Initialize                                    text1        0042F6
__end_of_TMR0_HasOverflowOccured                              text17       00433A
__end_of_TMR0_Initialize                                      text2        004240
__end_of_TMR0_Reload                                          text16       004370
__end_of_TMR0_StartTimer                                      text15       004390
__end_of_TMR0_StopTimer                                       text14       00438A
__end_of___fladd                                              text27       0029C2
__end_of___fldiv                                              text26       00361A
__end_of___flge                                               text25       003E92
__end_of___flmul                                              text24       003280
__end_of___fltol                                              text12       003D8E
__end_of___xxtofl                                             text23       003B28
__end_of__initialization                                      cinit        0042BA
__end_of_fade_in_pwm_closing                                  text19       00410C
__end_of_fade_in_pwm_opening                                  text31       00419C
__end_of_fade_out_pwm_closing                                 text29       004154
__end_of_fade_out_pwm_opening                                 text33       0041E4
__end_of_main                                                 text0        002E56
__initialization                                              cinit        0042A4
__mediumconst                                                 mediumconst  000000
__pbssBANK5                                                   bssBANK5     000569
__pbssCOMRAM                                                  bssCOMRAM    000534
__pcinit                                                      cinit        0042A4
__pcstackCOMRAM                                               cstackCOMRAM 000501
__pnvBANK5                                                    nvBANK5      000560
__psmallconst                                                 smallconst   002500
__ptext0                                                      text0        0029C2
__ptext1                                                      text1        0042DC
__ptext10                                                     text10       004016
__ptext11                                                     text11       00361A
__ptext12                                                     text12       003C88
__ptext13                                                     text13       004072
__ptext14                                                     text14       004384
__ptext15                                                     text15       00438A
__ptext16                                                     text16       004364
__ptext17                                                     text17       004326
__ptext18                                                     text18       004264
__ptext19                                                     text19       0040C4
__ptext2                                                      text2        004214
__ptext20                                                     text20       004310
__ptext21                                                     text21       0042F6
__ptext22                                                     text22       003B28
__ptext23                                                     text23       003974
__ptext24                                                     text24       002E56
__ptext25                                                     text25       003D8E
__ptext26                                                     text26       003280
__ptext27                                                     text27       002502
__ptext28                                                     text28       003FB0
__ptext29                                                     text29       00410C
__ptext3                                                      text3        003F38
__ptext30                                                     text30       004370
__ptext31                                                     text31       004154
__ptext32                                                     text32       004286
__ptext33                                                     text33       00419C
__ptext34                                                     text34       00437A
__ptext35                                                     text35       0041E4
__ptext4                                                      text4        00433A
__ptext5                                                      text5        004348
__ptext6                                                      text6        004356
__ptext7                                                      text7        004240
__ptext8                                                      text8        003E92
__ptext9                                                      text9        0042C0
__ramtop                                                      ramtop       002500
__smallconst                                                  smallconst   002500
_fade_in_pwm_closing                                          text19       0040C4
_fade_in_pwm_opening                                          text31       004154
_fade_out_ap                                                  bssCOMRAM    00055B
_fade_out_cl                                                  bssCOMRAM    00055A
_fade_out_pwm_closing                                         text29       00410C
_fade_out_pwm_opening                                         text33       00419C
_first_boot                                                   bssCOMRAM    00055F
_main                                                         text0        0029C2
_timer0ReloadVal16bit                                         bssCOMRAM    000556
_timer1ReloadVal                                              bssCOMRAM    000552
_timer3ReloadVal                                              bssCOMRAM    000554
_timer5ReloadVal                                              bssCOMRAM    000550
end_of_initialization                                         cinit        0042BA
fade_in_pwm_closing@current_pwm                               cstackCOMRAM 000507
fade_in_pwm_closing@increment                                 cstackCOMRAM 000505
fade_in_pwm_closing@target_pwm                                cstackCOMRAM 000503
fade_in_pwm_opening@current_pwm                               cstackCOMRAM 000507
fade_in_pwm_opening@increment                                 cstackCOMRAM 000505
fade_in_pwm_opening@target_pwm                                cstackCOMRAM 000503
fade_out_pwm_closing@current_pwm                              cstackCOMRAM 000507
fade_out_pwm_closing@increment                                cstackCOMRAM 000505
fade_out_pwm_closing@target_pwm                               cstackCOMRAM 000503
fade_out_pwm_opening@current_pwm                              cstackCOMRAM 000507
fade_out_pwm_opening@increment                                cstackCOMRAM 000505
fade_out_pwm_opening@target_pwm                               cstackCOMRAM 000503
intlevel0                                                     text         000000
intlevel1                                                     text         000000
intlevel2                                                     text         000000
intlevel3                                                     text         000000
isa$std                                                       (abs)        000001
isa$xinst                                                     (abs)        000000
stackhi                                                       (abs)        000000
stacklo                                                       (abs)        000000
start                                                         init         01FFFC
start_initialization                                          cinit        0042A4


MODULE INFORMATION

Module		Function		Class		Link	Load	Size
C:\Program Files\Microchip\xc8\v2.46\pic\sources\c99\common\fltol.c
		___fltol       		CODE           	3C88	0000	262

C:\Program Files\Microchip\xc8\v2.46\pic\sources\c99\common\fltol.c estimated size: 262

Amperimetro.c
		_Amperimetro   		CODE           	3B28	0000	352

Amperimetro.c estimated size: 352

C:\Program Files\Microchip\xc8\v2.46\pic\sources\c99\common\xxtofl.c
		___xxtofl      		CODE           	3974	0000	436

C:\Program Files\Microchip\xc8\v2.46\pic\sources\c99\common\xxtofl.c estimated size: 436

mcc_generated_files/tmr0.c
		_TMR0_StopTimer		CODE           	4384	0000	6
		_TMR0_Reload   		CODE           	4364	0000	12
		_TMR0_StartTimer		CODE           	438A	0000	6
		_TMR0_HasOverflowOccured		CODE           	4326	0000	20
		_TMR0_Initialize		CODE           	4214	0000	44

mcc_generated_files/tmr0.c estimated size: 88

mcc_generated_files/pin_manager.c
		_PIN_MANAGER_Initialize		CODE           	3E92	0000	166

mcc_generated_files/pin_manager.c estimated size: 166

C:\Program Files\Microchip\xc8\v2.46\pic\sources\c99\common\sprcmul.c
		___flmul       		CODE           	2E56	0000	1066

C:\Program Files\Microchip\xc8\v2.46\pic\sources\c99\common\sprcmul.c estimated size: 1066

C:\Program Files\Microchip\xc8\v2.46\pic\sources\c99\common\sprcdiv.c
		___fldiv       		CODE           	3280	0000	922

C:\Program Files\Microchip\xc8\v2.46\pic\sources\c99\common\sprcdiv.c estimated size: 922

mcc_generated_files/pwm1_16bit.c
		_PWM1_16BIT_Period_SetInterruptHandler		CODE           	4356	0000	14
		_PWM1_16BIT_Slice1Output1_SetInterruptHandler		CODE           	4348	0000	14
		_PWM1_16BIT_Slice1Output2_SetInterruptHandler		CODE           	433A	0000	14
		_PWM1_16BIT_Initialize		CODE           	3F38	0000	120
		_PWM1_16BIT_SetSlice1Output1DutyCycleRegister		CODE           	437A	0000	10
		_PWM1_16BIT_SetSlice1Output2DutyCycleRegister		CODE           	4370	0000	10

mcc_generated_files/pwm1_16bit.c estimated size: 182

PWM.c
		_PWM           		CODE           	361A	0000	858
		_fade_out_pwm_opening		CODE           	419C	0000	72
		_fade_in_pwm_opening		CODE           	4154	0000	72
		_fade_out_pwm_closing		CODE           	410C	0000	72
		_fade_in_pwm_closing		CODE           	40C4	0000	72

PWM.c estimated size: 1146

shared
		__initialization		CODE           	42A4	0000	22

shared estimated size: 22

mcc_generated_files/mcc.c
		_PMD_Initialize		CODE           	4240	0000	36
		_OSCILLATOR_Initialize		CODE           	42C0	0000	28
		_SYSTEM_Initialize		CODE           	42DC	0000	26

mcc_generated_files/mcc.c estimated size: 90

C:\Program Files\Microchip\xc8\v2.46\pic\sources\c99\common\sprcadd.c
		___fladd       		CODE           	2502	0000	1216

C:\Program Files\Microchip\xc8\v2.46\pic\sources\c99\common\sprcadd.c estimated size: 1216

Secuencias.c
		_ApagarApertura		CODE           	4286	0000	30
		_CambioGiroCierre		CODE           	3FB0	0000	102
		_ApagarCierre  		CODE           	42F6	0000	26
		_Cierre        		CODE           	4264	0000	34
		_Apertura      		CODE           	4310	0000	22

Secuencias.c estimated size: 214

mcc_generated_files/adcc.c
		_ADCC_GetSingleConversion		CODE           	41E4	0000	48
		_ADCC_Initialize		CODE           	4016	0000	92

mcc_generated_files/adcc.c estimated size: 140

Cierre_Automatico.c
		_CierreAutomatico		CODE           	4072	0000	82

Cierre_Automatico.c estimated size: 82

main.c
		_main          		CODE           	29C2	0000	1172

main.c estimated size: 1172

C:\Program Files\Microchip\xc8\v2.46\pic\sources\c99\common\flge.c
		___flge        		CODE           	3D8E	0000	260

C:\Program Files\Microchip\xc8\v2.46\pic\sources\c99\common\flge.c estimated size: 260

